// Jest Snapshot v1, https://goo.gl/fbAQLP

exports[`TableMultiplicationComponent should show table for 1 1`] = `
[
  1,
  2,
  3,
  4,
  5,
  6,
  7,
  8,
  9,
  10,
]
`;

exports[`TableMultiplicationComponent should show table for 2 1`] = `
[
  2,
  4,
  6,
  8,
  10,
  12,
  14,
  16,
  18,
  20,
]
`;

exports[`TableMultiplicationComponent should show table for 3 1`] = `
[
  3,
  6,
  9,
  12,
  15,
  18,
  21,
  24,
  27,
  30,
]
`;

exports[`TableMultiplicationComponent should show table for 4 1`] = `
[
  4,
  8,
  12,
  16,
  20,
  24,
  28,
  32,
  36,
  40,
]
`;

exports[`TableMultiplicationComponent should show table for 5 1`] = `
[
  5,
  10,
  15,
  20,
  25,
  30,
  35,
  40,
  45,
  50,
]
`;

exports[`TableMultiplicationComponent should show table for 6 1`] = `
[
  6,
  12,
  18,
  24,
  30,
  36,
  42,
  48,
  54,
  60,
]
`;

exports[`TableMultiplicationComponent should show table for 7 1`] = `
[
  7,
  14,
  21,
  28,
  35,
  42,
  49,
  56,
  63,
  70,
]
`;

exports[`TableMultiplicationComponent should show table for 8 1`] = `
[
  8,
  16,
  24,
  32,
  40,
  48,
  56,
  64,
  72,
  80,
]
`;

exports[`TableMultiplicationComponent should show table for 9 1`] = `
[
  9,
  18,
  27,
  36,
  45,
  54,
  63,
  72,
  81,
  90,
]
`;

exports[`TableMultiplicationComponent should show table for 10 1`] = `
[
  10,
  20,
  30,
  40,
  50,
  60,
  70,
  80,
  90,
  100,
]
`;
